#[INFO] Reading from external/MacroPlacement/Testcases/ICCAD04/ibm18/netlist.pb.txt
[INFO] Retrieving Meta information from .plc comments
#[PLACEMENT GRID] Col: 55, Row: 39
#[ROUTES PER MICRON] Hor: 65.96, Ver: 106.96
#[CONGESTION SMOOTH RANGE] Smooth Range: 2
#[OVERLAP THRESHOLD] Threshold: 0.0040
experiment0 0p70_1p03_bin64 missing
experiment1 0p72_1p03 missing
experiment2 0p72_1p03_bin64 missing
experiment3 0p72_1p03_bin128 missing
experiment4 0p78_1p03 missing
experiment5_0p80_1p03 valid=1 proxy=2.2588 wl=0.039 den=2.202 cong=2.237 overlaps=0
experiment6_0p80_1p03_bin64 valid=1 proxy=2.1017 wl=0.046 den=1.733 cong=2.379 overlaps=0
experiment7_0p80_1p03_bin128 valid=1 proxy=2.0169 wl=0.046 den=1.674 cong=2.266 overlaps=0
experiment8_0p80_1p03_pcofmin0p98 valid=1 proxy=1.7668 wl=0.068 den=1.101 cong=2.297 overlaps=0
experiment9_0p80_1p20 valid=1 proxy=1.7289 wl=0.070 den=1.010 cong=2.308 overlaps=0
experiment10_0p80_1p20_bin64 valid=1 proxy=1.6060 wl=0.068 den=0.744 cong=2.333 overlaps=0
experiment11_0p80_1p20_bin128 valid=0 proxy=inf wl=inf den=inf cong=inf overlaps=0
experiment12_0p84_1p20_bin128 valid=1 proxy=1.6352 wl=0.067 den=0.801 cong=2.336 overlaps=0
experiment13_0p84_1p03 valid=1 proxy=2.2100 wl=0.040 den=2.119 cong=2.222 overlaps=0
experiment14_0p84_1p03_bin64 valid=1 proxy=2.0894 wl=0.045 den=1.710 cong=2.378 overlaps=0
experiment15_0p86_1p03 valid=1 proxy=2.2282 wl=0.039 den=2.199 cong=2.178 overlaps=0
experiment16_0p88_1p03 valid=1 proxy=2.1883 wl=0.040 den=2.133 cong=2.163 overlaps=0
BEST experiment10_0p80_1p20_bin64 proxy=1.6060 wl=0.068 den=0.744 cong=2.333
